250818 21:58:14 mysqld_safe Starting mariadbd daemon with databases from /config/databases
2025-08-18 21:58:14 0 [Note] /usr/bin/mariadbd (server 10.6.10-MariaDB-log) starting as process 325 ...
2025-08-18 21:58:14 0 [Warning] Setting lower_case_table_names=2 because file system for /config/databases/ is case insensitive
2025-08-18 21:58:14 0 [Note] InnoDB: Compressed tables use zlib 1.2.12
2025-08-18 21:58:14 0 [Note] InnoDB: Number of pools: 1
2025-08-18 21:58:14 0 [Note] InnoDB: Using ARMv8 crc32 + pmull instructions
2025-08-18 21:58:14 0 [Note] InnoDB: Using Linux native AIO
2025-08-18 21:58:14 0 [Note] InnoDB: Initializing buffer pool, total size = 268435456, chunk size = 134217728
2025-08-18 21:58:14 0 [Note] InnoDB: Completed initialization of buffer pool
2025-08-18 21:58:14 0 [Note] InnoDB: 128 rollback segments are active.
2025-08-18 21:58:14 0 [Note] InnoDB: Creating shared tablespace for temporary tables
2025-08-18 21:58:14 0 [Note] InnoDB: Setting file './ibtmp1' size to 12 MB. Physically writing the file full; Please wait ...
2025-08-18 21:58:14 0 [Note] InnoDB: File './ibtmp1' size is now 12 MB.
2025-08-18 21:58:14 0 [Note] InnoDB: 10.6.10 started; log sequence number 14987641; transaction id 13062
2025-08-18 21:58:14 0 [Note] Plugin 'FEEDBACK' is disabled.
2025-08-18 21:58:14 0 [Note] InnoDB: Loading buffer pool(s) from /config/databases/ib_buffer_pool
2025-08-18 21:58:14 0 [Note] Server socket created on IP: '0.0.0.0'.
2025-08-18 21:58:14 0 [Note] Server socket created on IP: '::'.
2025-08-18 21:58:14 0 [Note] InnoDB: Buffer pool(s) load completed at 250818 21:58:14
2025-08-18 21:58:14 0 [Note] /usr/bin/mariadbd: ready for connections.
Version: '10.6.10-MariaDB-log'  socket: '/run/mysqld/mysqld.sock'  port: 3306  MariaDB Server
2025-08-18 21:58:15 4 [Warning] Aborted connection 4 to db: 'unconnected' user: 'unauthenticated' host: 'localhost' (This connection closed normally without authentication)
2025-08-18 22:15:18 34 [Warning] Aborted connection 34 to db: 'invoiceninja' user: 'invoiceninja' host: 'invoiceninja.invoiceninja_invoiceninja-network' (Got timeout reading communication packets)
2025-08-18 22:20:00 33 [Warning] Aborted connection 33 to db: 'invoiceninja' user: 'invoiceninja' host: 'invoiceninja.invoiceninja_invoiceninja-network' (Got timeout reading communication packets)
2025-08-18 22:32:28 0 [Note] /usr/bin/mariadbd (initiated by: unknown): Normal shutdown
2025-08-18 22:32:28 0 [Note] InnoDB: FTS optimize thread exiting.
2025-08-18 22:32:28 0 [Note] InnoDB: Starting shutdown...
2025-08-18 22:32:28 0 [Note] InnoDB: Dumping buffer pool(s) to /config/databases/ib_buffer_pool
2025-08-18 22:32:28 0 [Note] InnoDB: Buffer pool(s) dump completed at 250818 22:32:28
2025-08-18 22:32:28 0 [Note] InnoDB: Removed temporary tablespace data file: "./ibtmp1"
2025-08-18 22:32:28 0 [Note] InnoDB: Shutdown completed; log sequence number 14995673; transaction id 13148
2025-08-18 22:32:28 0 [Note] /usr/bin/mariadbd: Shutdown complete

250818 22:32:28 mysqld_safe mysqld from pid file /var/run/mysqld/mysqld.pid ended
