250818 16:15:30 mysqld_safe Starting mariadbd daemon with databases from /config/databases
2025-08-18 16:15:30 0 [Note] /usr/bin/mariadbd (server 10.6.10-MariaDB-log) starting as process 394 ...
2025-08-18 16:15:30 0 [Warning] Setting lower_case_table_names=2 because file system for /config/databases/ is case insensitive
2025-08-18 16:15:30 0 [Note] InnoDB: Compressed tables use zlib 1.2.12
2025-08-18 16:15:30 0 [Note] InnoDB: Number of pools: 1
2025-08-18 16:15:30 0 [Note] InnoDB: Using ARMv8 crc32 + pmull instructions
2025-08-18 16:15:30 0 [Note] InnoDB: Using Linux native AIO
2025-08-18 16:15:30 0 [Note] InnoDB: Initializing buffer pool, total size = 268435456, chunk size = 134217728
2025-08-18 16:15:30 0 [Note] InnoDB: Completed initialization of buffer pool
2025-08-18 16:15:30 0 [Note] InnoDB: 128 rollback segments are active.
2025-08-18 16:15:30 0 [Note] InnoDB: Creating shared tablespace for temporary tables
2025-08-18 16:15:30 0 [Note] InnoDB: Setting file './ibtmp1' size to 12 MB. Physically writing the file full; Please wait ...
2025-08-18 16:15:30 0 [Note] InnoDB: File './ibtmp1' size is now 12 MB.
2025-08-18 16:15:30 0 [Note] InnoDB: 10.6.10 started; log sequence number 42282; transaction id 14
2025-08-18 16:15:30 0 [Note] Plugin 'FEEDBACK' is disabled.
2025-08-18 16:15:30 0 [Note] InnoDB: Loading buffer pool(s) from /config/databases/ib_buffer_pool
2025-08-18 16:15:30 0 [Note] InnoDB: Buffer pool(s) load completed at 250818 16:15:30
2025-08-18 16:15:30 0 [Note] Server socket created on IP: '0.0.0.0'.
2025-08-18 16:15:30 0 [Note] Server socket created on IP: '::'.
2025-08-18 16:15:30 0 [Note] /usr/bin/mariadbd: ready for connections.
Version: '10.6.10-MariaDB-log'  socket: '/run/mysqld/mysqld.sock'  port: 3306  MariaDB Server
2025-08-18 16:15:31 4 [Warning] Aborted connection 4 to db: 'unconnected' user: 'unauthenticated' host: 'localhost' (This connection closed normally without authentication)
2025-08-18 16:15:34 8 [Warning] Aborted connection 8 to db: 'unconnected' user: 'unauthenticated' host: 'invoiceninja.invoiceninja_invoiceninja-network' (This connection closed normally without authentication)
2025-08-18 16:15:38 10 [Warning] Aborted connection 10 to db: 'unconnected' user: 'unauthenticated' host: 'invoiceninja.invoiceninja_invoiceninja-network' (This connection closed normally without authentication)
2025-08-18 16:15:41 13 [Warning] Aborted connection 13 to db: 'unconnected' user: 'unauthenticated' host: 'invoiceninja.invoiceninja_invoiceninja-network' (This connection closed normally without authentication)
2025-08-18 16:15:44 15 [Warning] Aborted connection 15 to db: 'unconnected' user: 'unauthenticated' host: 'invoiceninja.invoiceninja_invoiceninja-network' (This connection closed normally without authentication)
2025-08-18 16:15:48 17 [Warning] Aborted connection 17 to db: 'unconnected' user: 'unauthenticated' host: 'invoiceninja.invoiceninja_invoiceninja-network' (This connection closed normally without authentication)
2025-08-18 16:15:52 20 [Warning] Aborted connection 20 to db: 'unconnected' user: 'unauthenticated' host: 'invoiceninja.invoiceninja_invoiceninja-network' (This connection closed normally without authentication)
2025-08-18 16:15:59 22 [Warning] Aborted connection 22 to db: 'unconnected' user: 'unauthenticated' host: 'invoiceninja.invoiceninja_invoiceninja-network' (This connection closed normally without authentication)
2025-08-18 16:16:09 26 [Warning] Aborted connection 26 to db: 'unconnected' user: 'unauthenticated' host: 'invoiceninja.invoiceninja_invoiceninja-network' (This connection closed normally without authentication)
2025-08-18 16:16:25 30 [Warning] Aborted connection 30 to db: 'unconnected' user: 'unauthenticated' host: 'invoiceninja.invoiceninja_invoiceninja-network' (This connection closed normally without authentication)
2025-08-18 16:16:29 32 [Warning] Aborted connection 32 to db: 'unconnected' user: 'unauthenticated' host: 'invoiceninja.invoiceninja_invoiceninja-network' (This connection closed normally without authentication)
2025-08-18 16:16:32 35 [Warning] Aborted connection 35 to db: 'unconnected' user: 'unauthenticated' host: 'invoiceninja.invoiceninja_invoiceninja-network' (This connection closed normally without authentication)
2025-08-18 16:16:35 37 [Warning] Aborted connection 37 to db: 'unconnected' user: 'unauthenticated' host: 'invoiceninja.invoiceninja_invoiceninja-network' (This connection closed normally without authentication)
2025-08-18 16:16:39 39 [Warning] Aborted connection 39 to db: 'unconnected' user: 'unauthenticated' host: 'invoiceninja.invoiceninja_invoiceninja-network' (This connection closed normally without authentication)
2025-08-18 16:16:43 42 [Warning] Aborted connection 42 to db: 'unconnected' user: 'unauthenticated' host: 'invoiceninja.invoiceninja_invoiceninja-network' (This connection closed normally without authentication)
2025-08-18 16:16:48 44 [Warning] Aborted connection 44 to db: 'unconnected' user: 'unauthenticated' host: 'invoiceninja.invoiceninja_invoiceninja-network' (This connection closed normally without authentication)
2025-08-18 16:16:54 47 [Warning] Aborted connection 47 to db: 'unconnected' user: 'unauthenticated' host: 'invoiceninja.invoiceninja_invoiceninja-network' (This connection closed normally without authentication)
2025-08-18 16:17:04 50 [Warning] Aborted connection 50 to db: 'unconnected' user: 'unauthenticated' host: 'invoiceninja.invoiceninja_invoiceninja-network' (This connection closed normally without authentication)
2025-08-18 16:17:37 55 [Warning] Aborted connection 55 to db: 'unconnected' user: 'unauthenticated' host: 'invoiceninja.invoiceninja_invoiceninja-network' (This connection closed normally without authentication)
2025-08-18 16:17:41 57 [Warning] Aborted connection 57 to db: 'unconnected' user: 'unauthenticated' host: 'invoiceninja.invoiceninja_invoiceninja-network' (This connection closed normally without authentication)
2025-08-18 16:17:44 60 [Warning] Aborted connection 60 to db: 'unconnected' user: 'unauthenticated' host: 'invoiceninja.invoiceninja_invoiceninja-network' (This connection closed normally without authentication)
2025-08-18 16:17:47 62 [Warning] Aborted connection 62 to db: 'unconnected' user: 'unauthenticated' host: 'invoiceninja.invoiceninja_invoiceninja-network' (This connection closed normally without authentication)
2025-08-18 16:17:52 64 [Warning] Aborted connection 64 to db: 'unconnected' user: 'unauthenticated' host: 'invoiceninja.invoiceninja_invoiceninja-network' (This connection closed normally without authentication)
2025-08-18 16:17:57 67 [Warning] Aborted connection 67 to db: 'unconnected' user: 'unauthenticated' host: 'invoiceninja.invoiceninja_invoiceninja-network' (This connection closed normally without authentication)
2025-08-18 16:18:03 70 [Warning] Aborted connection 70 to db: 'unconnected' user: 'unauthenticated' host: 'invoiceninja.invoiceninja_invoiceninja-network' (This connection closed normally without authentication)
2025-08-18 16:18:13 73 [Warning] Aborted connection 73 to db: 'unconnected' user: 'unauthenticated' host: 'invoiceninja.invoiceninja_invoiceninja-network' (This connection closed normally without authentication)
2025-08-18 16:18:29 76 [Warning] Aborted connection 76 to db: 'unconnected' user: 'unauthenticated' host: 'invoiceninja.invoiceninja_invoiceninja-network' (This connection closed normally without authentication)
2025-08-18 16:18:58 81 [Warning] Aborted connection 81 to db: 'unconnected' user: 'unauthenticated' host: 'invoiceninja.invoiceninja_invoiceninja-network' (This connection closed normally without authentication)
2025-08-18 16:19:52 88 [Warning] Aborted connection 88 to db: 'unconnected' user: 'unauthenticated' host: 'invoiceninja.invoiceninja_invoiceninja-network' (This connection closed normally without authentication)
2025-08-18 16:20:55 97 [Warning] Aborted connection 97 to db: 'unconnected' user: 'unauthenticated' host: 'invoiceninja.invoiceninja_invoiceninja-network' (This connection closed normally without authentication)
2025-08-18 16:21:53 0 [Note] /usr/bin/mariadbd (initiated by: unknown): Normal shutdown
2025-08-18 16:21:53 0 [Note] InnoDB: FTS optimize thread exiting.
2025-08-18 16:21:53 0 [Note] InnoDB: Starting shutdown...
2025-08-18 16:21:53 0 [Note] InnoDB: Dumping buffer pool(s) to /config/databases/ib_buffer_pool
2025-08-18 16:21:53 0 [Note] InnoDB: Buffer pool(s) dump completed at 250818 16:21:53
2025-08-18 16:21:54 0 [Note] InnoDB: Removed temporary tablespace data file: "./ibtmp1"
2025-08-18 16:21:54 0 [Note] InnoDB: Shutdown completed; log sequence number 139886; transaction id 218
2025-08-18 16:21:54 0 [Note] /usr/bin/mariadbd: Shutdown complete

250818 16:21:54 mysqld_safe mysqld from pid file /var/run/mysqld/mysqld.pid ended
